// Jest Snapshot v1, https://goo.gl/fbAQLP

exports[`SearchResult component should render correctly 1`] = `
{
  "asFragment": [Function],
  "baseElement": <body>
    <div>
      <div
        class="searchResultsWrapper"
      >
        <div
          class="searchResults false"
          data-testid="search-results"
        >
          <div
            class="searchItemCard"
            data-testid="search-item-card-0"
          >
            <h3>
              Name: 
              test name
            </h3>
            <p>
              Created: 
              01-01-0101
            </p>
            <p>
              Edited: 
              02-02-0202
            </p>
            <p>
              Height: 
              100
            </p>
            <p>
              Mass: 
              100
            </p>
          </div>
          <div
            class="searchItemCard"
            data-testid="search-item-card-1"
          >
            <h3>
              Name: 
              test name
            </h3>
            <p>
              Created: 
              02-02-0202
            </p>
            <p>
              Edited: 
              03-03-0303
            </p>
            <p>
              Height: 
              test height
            </p>
            <p>
              Mass: 
              test mass
            </p>
          </div>
        </div>
      </div>
    </div>
  </body>,
  "container": <div>
    <div
      class="searchResultsWrapper"
    >
      <div
        class="searchResults false"
        data-testid="search-results"
      >
        <div
          class="searchItemCard"
          data-testid="search-item-card-0"
        >
          <h3>
            Name: 
            test name
          </h3>
          <p>
            Created: 
            01-01-0101
          </p>
          <p>
            Edited: 
            02-02-0202
          </p>
          <p>
            Height: 
            100
          </p>
          <p>
            Mass: 
            100
          </p>
        </div>
        <div
          class="searchItemCard"
          data-testid="search-item-card-1"
        >
          <h3>
            Name: 
            test name
          </h3>
          <p>
            Created: 
            02-02-0202
          </p>
          <p>
            Edited: 
            03-03-0303
          </p>
          <p>
            Height: 
            test height
          </p>
          <p>
            Mass: 
            test mass
          </p>
        </div>
      </div>
    </div>
  </div>,
  "debug": [Function],
  "findAllByAltText": [Function],
  "findAllByDisplayValue": [Function],
  "findAllByLabelText": [Function],
  "findAllByPlaceholderText": [Function],
  "findAllByRole": [Function],
  "findAllByTestId": [Function],
  "findAllByText": [Function],
  "findAllByTitle": [Function],
  "findByAltText": [Function],
  "findByDisplayValue": [Function],
  "findByLabelText": [Function],
  "findByPlaceholderText": [Function],
  "findByRole": [Function],
  "findByTestId": [Function],
  "findByText": [Function],
  "findByTitle": [Function],
  "getAllByAltText": [Function],
  "getAllByDisplayValue": [Function],
  "getAllByLabelText": [Function],
  "getAllByPlaceholderText": [Function],
  "getAllByRole": [Function],
  "getAllByTestId": [Function],
  "getAllByText": [Function],
  "getAllByTitle": [Function],
  "getByAltText": [Function],
  "getByDisplayValue": [Function],
  "getByLabelText": [Function],
  "getByPlaceholderText": [Function],
  "getByRole": [Function],
  "getByTestId": [Function],
  "getByText": [Function],
  "getByTitle": [Function],
  "queryAllByAltText": [Function],
  "queryAllByDisplayValue": [Function],
  "queryAllByLabelText": [Function],
  "queryAllByPlaceholderText": [Function],
  "queryAllByRole": [Function],
  "queryAllByTestId": [Function],
  "queryAllByText": [Function],
  "queryAllByTitle": [Function],
  "queryByAltText": [Function],
  "queryByDisplayValue": [Function],
  "queryByLabelText": [Function],
  "queryByPlaceholderText": [Function],
  "queryByRole": [Function],
  "queryByTestId": [Function],
  "queryByText": [Function],
  "queryByTitle": [Function],
  "rerender": [Function],
  "unmount": [Function],
}
`;
